// Jest Snapshot v1, https://goo.gl/fbAQLP

exports[`test for Tracking 1`] = `ShallowWrapper {}`;
